<?xml version="1.0"?>
<testsuite></testsuite>